// Jest Snapshot v1, https://goo.gl/fbAQLP

exports[`<LogoLink /> should match snapshot 1`] = `
.c1 {
  display: flex;
  align-items: center;
  color: #ffff;
  text-decoration: none;
}

.c1 >img {
  max-height: 3rem;
}

.c0 {
  color: #ffff;
  font-size: 1.6rem;
  text-transform: uppercase;
}

<h1
  class="c0"
>
   
  <a
    class="c1"
    href="#target"
  >
    Ol√° mundo
  </a>
   
</h1>
`;
