// Jest Snapshot v1, https://goo.gl/fbAQLP

exports[`<MenuLink /> should render open in a new tab 1`] = `
.c0 {
  display: block;
  text-decoration: none;
  font-size: 1.6rem;
  padding: 1.6rem;
  color: #0F2B46;
  position: relative;
}

.c0::after {
  content: '';
  position: absolute;
  bottom: :0.76rem;
  left: 50%;
  width: 0;
  height: 0.2rem;
  background: #ffff;
  transition: all 300ms ease-in-out;
}

.c0:hover::after {
  left: 25%;
  width: 50%;
}

<a
  class="c0"
  href="http://localhost"
  target="_blank"
>
  Children
</a>
`;
